<?xml version='1.0' encoding='UTF-8'?>
<caom2:Observation xmlns:caom2="http://www.opencadc.org/caom2/xml/v2.3" xmlns:xsi="http://www.w3.org/2001/XMLSchema-instance" xsi:type="caom2:SimpleObservation" caom2:id="2a4d3cc1-18a0-401e-8304-f5dc3e85ccf3">
  <caom2:collection>NGVS</caom2:collection>
  <caom2:observationID>NGVS+0+0.l.i.Mg002</caom2:observationID>
  <caom2:metaRelease>2009-08-31T00:00:00.000</caom2:metaRelease>
  <caom2:algorithm>
    <caom2:name>exposure</caom2:name>
  </caom2:algorithm>
  <caom2:intent>science</caom2:intent>
  <caom2:planes>
    <caom2:plane caom2:id="696b18db-f60c-49f3-a370-a077cddde3fb">
      <caom2:productID>art_skep</caom2:productID>
      <caom2:metaRelease>2009-08-31T00:00:00.000</caom2:metaRelease>
      <caom2:dataRelease>2032-01-01T00:00:00.000</caom2:dataRelease>
      <caom2:dataProductType>cube</caom2:dataProductType>
      <caom2:calibrationLevel>3</caom2:calibrationLevel>
      <caom2:artifacts>
        <caom2:artifact caom2:id="b66e2bd2-eb2d-4052-a30f-89016bfcfd37">
          <caom2:uri>ad:NGVS/NGVS+0+0.l.i.Mg002.fits</caom2:uri>
          <caom2:productType>science</caom2:productType>
          <caom2:releaseType>data</caom2:releaseType>
          <caom2:contentType>application/fits</caom2:contentType>
          <caom2:parts>
            <caom2:part caom2:id="fb946864-5036-4706-bea7-c8e41d7d5614">
              <caom2:name>0</caom2:name>
              <caom2:chunks>
                <caom2:chunk caom2:id="4eb2b19b-0f73-40f6-b9a4-bf74712c585f">
                  <caom2:naxis>2</caom2:naxis>
                  <caom2:positionAxis1>1</caom2:positionAxis1>
                  <caom2:positionAxis2>2</caom2:positionAxis2>
                  <caom2:position>
                    <caom2:axis>
                      <caom2:axis1>
                        <caom2:ctype>RA---TAN</caom2:ctype>
                        <caom2:cunit>deg</caom2:cunit>
                      </caom2:axis1>
                      <caom2:axis2>
                        <caom2:ctype>DEC--TAN</caom2:ctype>
                        <caom2:cunit>deg</caom2:cunit>
                      </caom2:axis2>
                      <caom2:function>
                        <caom2:dimension>
                          <caom2:naxis1>20302</caom2:naxis1>
                          <caom2:naxis2>21374</caom2:naxis2>
                        </caom2:dimension>
                        <caom2:refCoord>
                          <caom2:coord1>
                            <caom2:pix>10151.5</caom2:pix>
                            <caom2:val>188.0488332</caom2:val>
                          </caom2:coord1>
                          <caom2:coord2>
                            <caom2:pix>10687.5</caom2:pix>
                            <caom2:val>12.01046947</caom2:val>
                          </caom2:coord2>
                        </caom2:refCoord>
                        <caom2:cd11>-5.160416185e-05</caom2:cd11>
                        <caom2:cd12>0.0</caom2:cd12>
                        <caom2:cd21>0.0</caom2:cd21>
                        <caom2:cd22>5.160416185e-05</caom2:cd22>
                      </caom2:function>
                    </caom2:axis>
                    <caom2:coordsys>FK5</caom2:coordsys>
                    <caom2:equinox>2000.0</caom2:equinox>
                  </caom2:position>
                </caom2:chunk>
              </caom2:chunks>
            </caom2:part>
          </caom2:parts>
        </caom2:artifact>
        <caom2:artifact caom2:id="d9da0cb3-dec1-4ca9-a639-1763946bc254">
          <caom2:uri>ad:NGVS/NGVS+0+0.l.i.Mg002.fits.mask.rd.reg</caom2:uri>
          <caom2:productType>auxiliary</caom2:productType>
          <caom2:releaseType>data</caom2:releaseType>
          <caom2:contentType>application/fits</caom2:contentType>
          <caom2:parts/>
        </caom2:artifact>
        <caom2:artifact caom2:id="929273a0-6ba7-4ef7-b9c4-2b7054eca6e0">
          <caom2:uri>ad:NGVS/NGVS+0+0.l.i.Mg002.flag.fits.fz</caom2:uri>
          <caom2:productType>auxiliary</caom2:productType>
          <caom2:releaseType>data</caom2:releaseType>
          <caom2:contentType>application/fits</caom2:contentType>
          <caom2:parts/>
        </caom2:artifact>
        <caom2:artifact caom2:id="3efe1d30-412e-430a-8db9-921d9dc4beeb">
          <caom2:uri>ad:NGVS/NGVS+0+0.l.i.Mg002.sig.fits</caom2:uri>
          <caom2:productType>science</caom2:productType>
          <caom2:releaseType>data</caom2:releaseType>
          <caom2:contentType>application/fits</caom2:contentType>
          <caom2:parts>
            <caom2:part caom2:id="724e858f-7120-42f3-aa32-47ff5ad1d75e">
              <caom2:name>0</caom2:name>
              <caom2:chunks>
                <caom2:chunk caom2:id="b0546a5d-871a-4238-aa35-09b580cc3b13">
                  <caom2:naxis>2</caom2:naxis>
                  <caom2:positionAxis1>1</caom2:positionAxis1>
                  <caom2:positionAxis2>2</caom2:positionAxis2>
                  <caom2:position>
                    <caom2:axis>
                      <caom2:axis1>
                        <caom2:ctype>RA---TAN</caom2:ctype>
                        <caom2:cunit>deg</caom2:cunit>
                      </caom2:axis1>
                      <caom2:axis2>
                        <caom2:ctype>DEC--TAN</caom2:ctype>
                        <caom2:cunit>deg</caom2:cunit>
                      </caom2:axis2>
                      <caom2:function>
                        <caom2:dimension>
                          <caom2:naxis1>20302</caom2:naxis1>
                          <caom2:naxis2>21374</caom2:naxis2>
                        </caom2:dimension>
                        <caom2:refCoord>
                          <caom2:coord1>
                            <caom2:pix>10151.5</caom2:pix>
                            <caom2:val>188.0488332</caom2:val>
                          </caom2:coord1>
                          <caom2:coord2>
                            <caom2:pix>10687.5</caom2:pix>
                            <caom2:val>12.01046947</caom2:val>
                          </caom2:coord2>
                        </caom2:refCoord>
                        <caom2:cd11>-5.160416185e-05</caom2:cd11>
                        <caom2:cd12>0.0</caom2:cd12>
                        <caom2:cd21>0.0</caom2:cd21>
                        <caom2:cd22>5.160416185e-05</caom2:cd22>
                      </caom2:function>
                    </caom2:axis>
                    <caom2:coordsys>FK5</caom2:coordsys>
                    <caom2:equinox>2000.0</caom2:equinox>
                  </caom2:position>
                </caom2:chunk>
              </caom2:chunks>
            </caom2:part>
          </caom2:parts>
        </caom2:artifact>
        <caom2:artifact caom2:id="9a1429e8-42cf-465f-80e2-2fb1ea7bce45">
          <caom2:uri>ad:NGVS/NGVS+0+0.l.i.Mg002.weight.fits.fz</caom2:uri>
          <caom2:productType>weight</caom2:productType>
          <caom2:releaseType>data</caom2:releaseType>
          <caom2:contentType>application/fits</caom2:contentType>
          <caom2:parts>
            <caom2:part caom2:id="724e858f-7120-42f3-aa32-47ff5ad1d75f">
              <caom2:name>0</caom2:name>
              <caom2:chunks>
                <caom2:chunk caom2:id="b0546a5d-871a-4238-aa35-09b580cc3b14">
                  <caom2:naxis>2</caom2:naxis>
                  <caom2:positionAxis1>1</caom2:positionAxis1>
                  <caom2:positionAxis2>2</caom2:positionAxis2>
                  <caom2:position>
                    <caom2:axis>
                      <caom2:axis1>
                        <caom2:ctype>RA---TAN</caom2:ctype>
                        <caom2:cunit>deg</caom2:cunit>
                      </caom2:axis1>
                      <caom2:axis2>
                        <caom2:ctype>DEC--TAN</caom2:ctype>
                        <caom2:cunit>deg</caom2:cunit>
                      </caom2:axis2>
                      <caom2:function>
                        <caom2:dimension>
                          <caom2:naxis1>20302</caom2:naxis1>
                          <caom2:naxis2>21374</caom2:naxis2>
                        </caom2:dimension>
                        <caom2:refCoord>
                          <caom2:coord1>
                            <caom2:pix>10151.5</caom2:pix>
                            <caom2:val>188.0488332</caom2:val>
                          </caom2:coord1>
                          <caom2:coord2>
                            <caom2:pix>10687.5</caom2:pix>
                            <caom2:val>12.01046947</caom2:val>
                          </caom2:coord2>
                        </caom2:refCoord>
                        <caom2:cd11>-5.160416185e-05</caom2:cd11>
                        <caom2:cd12>0.0</caom2:cd12>
                        <caom2:cd21>0.0</caom2:cd21>
                        <caom2:cd22>5.160416185e-05</caom2:cd22>
                      </caom2:function>
                    </caom2:axis>
                    <caom2:coordsys>FK5</caom2:coordsys>
                    <caom2:equinox>2000.0</caom2:equinox>
                  </caom2:position>
                </caom2:chunk>
              </caom2:chunks>
            </caom2:part>
          </caom2:parts>
        </caom2:artifact>
      </caom2:artifacts>
    </caom2:plane>
    <caom2:plane caom2:id="696b18db-f60c-49f3-a370-a077cddde3fc">
      <caom2:productID>catalog</caom2:productID>
      <caom2:metaRelease>2009-08-31T00:00:00.000</caom2:metaRelease>
      <caom2:dataRelease>2032-01-01T00:00:00.000</caom2:dataRelease>
      <caom2:dataProductType>http://www.opencadc.org/caom2/DataProductType#catalog</caom2:dataProductType>
      <caom2:calibrationLevel>4</caom2:calibrationLevel>
      <caom2:artifacts>
        <caom2:artifact caom2:id="123c8458-3b64-4408-b1b5-cd1bc3878db8">
          <caom2:uri>ad:NGVS/NGVS+0+0.l.i.Mg002.cat</caom2:uri>
          <caom2:productType>science</caom2:productType>
          <caom2:releaseType>data</caom2:releaseType>
          <caom2:contentType>text/plain</caom2:contentType>
          <caom2:parts/>
        </caom2:artifact>
      </caom2:artifacts>
    </caom2:plane>
  </caom2:planes>
</caom2:Observation>
